---
source: crates/loom_tests/src/parse.rs
expression: result
---
Block {
    span: Span(
        9..147,
    ),
    statements: [
        Assign {
            span: Span(
                9..20,
            ),
            name: "id",
            op: Add,
            value: Variable {
                span: Span(
                    15..20,
                ),
                name: "value",
            },
        },
        Assign {
            span: Span(
                30..41,
            ),
            name: "id",
            op: Sub,
            value: Variable {
                span: Span(
                    36..41,
                ),
                name: "value",
            },
        },
        Assign {
            span: Span(
                51..62,
            ),
            name: "id",
            op: Mul,
            value: Variable {
                span: Span(
                    57..62,
                ),
                name: "value",
            },
        },
        Assign {
            span: Span(
                72..83,
            ),
            name: "id",
            op: Div,
            value: Variable {
                span: Span(
                    78..83,
                ),
                name: "value",
            },
        },
        Assign {
            span: Span(
                93..104,
            ),
            name: "id",
            op: Mod,
            value: Variable {
                span: Span(
                    99..104,
                ),
                name: "value",
            },
        },
        Assign {
            span: Span(
                114..125,
            ),
            name: "id",
            op: BitAnd,
            value: Variable {
                span: Span(
                    120..125,
                ),
                name: "value",
            },
        },
        Assign {
            span: Span(
                135..146,
            ),
            name: "id",
            op: BitOr,
            value: Variable {
                span: Span(
                    141..146,
                ),
                name: "value",
            },
        },
    ],
}
