---
source: crates/loom_tests/src/parse.rs
expression: result
---
Block {
    span: Span(
        9..93,
    ),
    statements: [
        Let {
            span: Span(
                9..92,
            ),
            name: "value",
            value: Bin {
                span: Span(
                    21..92,
                ),
                op: Or,
                lhs: Bin {
                    span: Span(
                        21..76,
                    ),
                    op: And,
                    lhs: Bin {
                        span: Span(
                            21..67,
                        ),
                        op: BitAnd,
                        lhs: Bin {
                            span: Span(
                                21..59,
                            ),
                            op: Eq,
                            lhs: Bin {
                                span: Span(
                                    22..50,
                                ),
                                op: Xor,
                                lhs: Bin {
                                    span: Span(
                                        23..44,
                                    ),
                                    op: Mod,
                                    lhs: Bin {
                                        span: Span(
                                            24..39,
                                        ),
                                        op: Div,
                                        lhs: Bin {
                                            span: Span(
                                                24..35,
                                            ),
                                            op: Mul,
                                            lhs: Bin {
                                                span: Span(
                                                    25..30,
                                                ),
                                                op: Add,
                                                lhs: Lit {
                                                    span: Span(
                                                        25..26,
                                                    ),
                                                    lit: Number(
                                                        "2",
                                                    ),
                                                },
                                                rhs: Lit {
                                                    span: Span(
                                                        29..30,
                                                    ),
                                                    lit: Number(
                                                        "2",
                                                    ),
                                                },
                                            },
                                            rhs: Lit {
                                                span: Span(
                                                    34..35,
                                                ),
                                                lit: Number(
                                                    "2",
                                                ),
                                            },
                                        },
                                        rhs: Lit {
                                            span: Span(
                                                38..39,
                                            ),
                                            lit: Number(
                                                "2",
                                            ),
                                        },
                                    },
                                    rhs: Lit {
                                        span: Span(
                                            43..44,
                                        ),
                                        lit: Number(
                                            "3",
                                        ),
                                    },
                                },
                                rhs: Lit {
                                    span: Span(
                                        48..50,
                                    ),
                                    lit: Number(
                                        "65",
                                    ),
                                },
                            },
                            rhs: Lit {
                                span: Span(
                                    55..59,
                                ),
                                lit: Bool(
                                    "true",
                                ),
                            },
                        },
                        rhs: Lit {
                            span: Span(
                                62..67,
                            ),
                            lit: Bool(
                                "false",
                            ),
                        },
                    },
                    rhs: Lit {
                        span: Span(
                            71..76,
                        ),
                        lit: Bool(
                            "false",
                        ),
                    },
                },
                rhs: Bin {
                    span: Span(
                        80..92,
                    ),
                    op: BitAnd,
                    lhs: Lit {
                        span: Span(
                            80..84,
                        ),
                        lit: Bool(
                            "true",
                        ),
                    },
                    rhs: Lit {
                        span: Span(
                            87..92,
                        ),
                        lit: Bool(
                            "false",
                        ),
                    },
                },
            },
        },
    ],
}
